
MeMyself@DESKTOP-BA808PC MINGW64 ~/mayhem-firmware (research)
$ MSYS_NO_PATHCONV=1 docker run --rm -v "//c/Users/MeMyself/mayhem-firmware:/work" -w /work ubuntu:noble bash -lc 'set -euo pipefail
apt-get update -qq && apt-get install -y -qq cmake ninja-build gcc-arm-none-eabi binutils-arm-none-eabi g++ git ca-certificates python3 make >/dev/null
cmake -S /work -B /work/build-verify -G Ninja -DCMAKE_BUILD_TYPE=Release
cmake --build /work/build-verify --target application.elf -j 2
arm-none-eabi-size /work/build-verify/firmware/application/application.elf
'
debconf: delaying package configuration, since apt-utils is not installed
Configuring for FLASH_MB_SIZE=2MB
Configuring for FLASH_MB_LIMIT_SIZE=1MB
-- Cross-compiling with the gcc-arm-embedded toolchain
-- Toolchain prefix: /usr/lib/arm-none-eabi
Building version: bd9ceff2 MD5: 0x9b3cc883
Configuring for FLASH_MB_SIZE=2MB
Configuring for FLASH_MB_LIMIT_SIZE=1MB
-- dfu-suffix not found: not building DFU file
-- dfu-suffix not found: not building DFU file
-- -------v ccache info--------
-- Not using ccache, use `cmake -DUSE_CCACHE=ON ..` (pure cmake) or `cmake -G Ninja -DUSE_CCACHE=ON ..` (cmake with Ninja) to turn on ccache
-- -------^ ccache info--------
WARNING: Compiler version mismatch, please use the official compiler version 9.2.1 when sharing builds! Current compiler version: 13.2.1
-- Configuring done (3.9s)
-- Generating done (21.5s)
-- Build files have been written to: /work/build-verify
[1/297] Building CXX object firmware/application/CMakeFiles/application.elf.dir/debug.cpp.obj
[2/297] Building CXX object firmware/application/CMakeFiles/application.elf.dir/main.cpp.obj
[3/297] Building CXX object firmware/application/CMakeFiles/application.elf.dir/__/common/lcd_ili9341.cpp.obj
[4/297] Building CXX object firmware/application/CMakeFiles/application.elf.dir/__/common/morse.cpp.obj
[5/297] Building CXX object firmware/application/CMakeFiles/application.elf.dir/__/common/portapack_io.cpp.obj
[6/297] Building CXX object firmware/application/CMakeFiles/application.elf.dir/__/common/portapack_persistent_memory.cpp.obj
[7/297] Building CXX object firmware/application/CMakeFiles/application.elf.dir/__/common/portapack_shared_memory.cpp.obj
[8/297] Building CXX object firmware/application/CMakeFiles/application.elf.dir/__/common/ui_focus.cpp.obj
[9/297] Building CXX object firmware/application/CMakeFiles/application.elf.dir/__/common/ui_painter.cpp.obj
[10/297] Building CXX object firmware/application/CMakeFiles/application.elf.dir/__/common/ui_widget.cpp.obj
[11/297] Building CXX object firmware/application/CMakeFiles/application.elf.dir/__/common/i2cdevmanager.cpp.obj
[12/297] Building CXX object firmware/application/CMakeFiles/application.elf.dir/__/common/i2cdev_ads1110.cpp.obj
[13/297] Building CXX object firmware/application/CMakeFiles/application.elf.dir/__/common/i2cdev_bh1750.cpp.obj
[14/297] Building CXX object firmware/application/CMakeFiles/application.elf.dir/__/common/i2cdev_bmx280.cpp.obj
[15/297] Building CXX object firmware/application/CMakeFiles/application.elf.dir/__/common/i2cdev_max17055.cpp.obj
[16/297] Building CXX object firmware/application/CMakeFiles/application.elf.dir/__/common/i2cdev_ppmod.cpp.obj
[17/297] Building CXX object firmware/application/CMakeFiles/application.elf.dir/__/common/i2cdev_sht3x.cpp.obj
[18/297] Building CXX object firmware/application/CMakeFiles/application.elf.dir/__/common/i2cdev_sht4x.cpp.obj
[19/297] Building CXX object firmware/application/CMakeFiles/application.elf.dir/__/common/battery.cpp.obj
[20/297] Building CXX object firmware/application/CMakeFiles/application.elf.dir/app_settings.cpp.obj
[21/297] Building CXX object firmware/application/CMakeFiles/application.elf.dir/audio.cpp.obj
[22/297] Building CXX object firmware/application/CMakeFiles/application.elf.dir/baseband_api.cpp.obj
[23/297] Building CXX object firmware/application/CMakeFiles/application.elf.dir/capture_thread.cpp.obj
[24/297] Building CXX object firmware/application/CMakeFiles/application.elf.dir/clock_manager.cpp.obj
[25/297] Building CXX object firmware/application/CMakeFiles/application.elf.dir/event_m0.cpp.obj
[26/297] Building CXX object firmware/application/CMakeFiles/application.elf.dir/freqman.cpp.obj
[27/297] Building CXX object firmware/application/CMakeFiles/application.elf.dir/irq_controls.cpp.obj
[28/297] Building CXX object firmware/application/CMakeFiles/application.elf.dir/irq_lcd_frame.cpp.obj
[29/297] Building CXX object firmware/application/CMakeFiles/application.elf.dir/irq_rtc.cpp.obj
[30/297] Building CXX object firmware/application/CMakeFiles/application.elf.dir/log_file.cpp.obj
[31/297] Building CXX object firmware/application/CMakeFiles/application.elf.dir/meteor_lrpt_g4/msumr_demux.cpp.obj
[32/297] Building CXX object firmware/application/CMakeFiles/application.elf.dir/meteor_lrpt_deint_service.cpp.obj
[33/297] Building CXX object firmware/application/CMakeFiles/application.elf.dir/meteor_lrpt_g4/meteor_lrpt_g4_preview.cpp.obj
[34/297] Building CXX object firmware/application/CMakeFiles/application.elf.dir/__/baseband/meteor_lrpt/meteor_deinterleaver_reader.cpp.obj
[35/297] Building CXX object firmware/application/CMakeFiles/application.elf.dir/meteor_lrpt_g4_service.cpp.obj
[36/297] Building CXX object firmware/application/CMakeFiles/application.elf.dir/__/baseband/meteor_lrpt/external_ring_ram.cpp.obj
[37/297] Building CXX object firmware/application/CMakeFiles/application.elf.dir/portapack.cpp.obj
[38/297] Building CXX object firmware/application/CMakeFiles/application.elf.dir/usb_serial_shell.cpp.obj
[39/297] Building CXX object firmware/application/CMakeFiles/application.elf.dir/usb_serial_thread.cpp.obj
[40/297] Building CXX object firmware/application/CMakeFiles/application.elf.dir/usb_serial_host_to_device.cpp.obj
[41/297] Building CXX object firmware/application/CMakeFiles/application.elf.dir/radio.cpp.obj
[42/297] Building CXX object firmware/application/CMakeFiles/application.elf.dir/receiver_model.cpp.obj
[43/297] Building CXX object firmware/application/CMakeFiles/application.elf.dir/recent_entries.cpp.obj
[44/297] Building CXX object firmware/application/CMakeFiles/application.elf.dir/replay_thread.cpp.obj
[45/297] Building CXX object firmware/application/CMakeFiles/application.elf.dir/rtc_time.cpp.obj
[46/297] Building CXX object firmware/application/CMakeFiles/application.elf.dir/serializer.cpp.obj
[47/297] Building CXX object firmware/application/CMakeFiles/application.elf.dir/touch.cpp.obj
[48/297] Building CXX object firmware/application/CMakeFiles/application.elf.dir/transmitter_model.cpp.obj
[49/297] Building CXX object firmware/application/CMakeFiles/application.elf.dir/hw/debounce.cpp.obj
[50/297] Building CXX object firmware/application/CMakeFiles/application.elf.dir/hw/encoder.cpp.obj
[51/297] Building CXX object firmware/application/CMakeFiles/application.elf.dir/hw/touch_adc.cpp.obj
[52/297] Building CXX object firmware/application/CMakeFiles/application.elf.dir/ui_baseband_stats_view.cpp.obj
[53/297] Building CXX object firmware/application/CMakeFiles/application.elf.dir/ui_notifications.cpp.obj
[54/297] Building CXX object firmware/application/CMakeFiles/application.elf.dir/ui_navigation.cpp.obj
[55/297] Building CXX object firmware/application/CMakeFiles/application.elf.dir/ui_sd_card_status_view.cpp.obj
[56/297] Building CXX object firmware/application/CMakeFiles/application.elf.dir/ui_record_view.cpp.obj
[57/297] Building CXX object firmware/application/CMakeFiles/application.elf.dir/ui/ui_alphanum.cpp.obj
[58/297] Building CXX object firmware/application/CMakeFiles/application.elf.dir/ui/ui_audio.cpp.obj
[59/297] Building CXX object firmware/application/CMakeFiles/application.elf.dir/ui/ui_channel.cpp.obj
[60/297] Building CXX object firmware/application/CMakeFiles/application.elf.dir/ui/ui_geomap.cpp.obj
[61/297] Building CXX object firmware/application/CMakeFiles/application.elf.dir/ui/ui_qrcode.cpp.obj
[62/297] Building CXX object firmware/application/CMakeFiles/application.elf.dir/ui/ui_menu.cpp.obj
[63/297] Building CXX object firmware/application/CMakeFiles/application.elf.dir/ui/ui_btngrid.cpp.obj
[64/297] Building CXX object firmware/application/CMakeFiles/application.elf.dir/ui/ui_receiver.cpp.obj
[65/297] Building CXX object firmware/application/CMakeFiles/application.elf.dir/ui/ui_rssi.cpp.obj
[66/297] Building CXX object firmware/application/CMakeFiles/application.elf.dir/ui/ui_freqlist.cpp.obj
[67/297] Building CXX object firmware/application/CMakeFiles/application.elf.dir/ui/ui_spectrum.cpp.obj
[68/297] Building CXX object firmware/application/CMakeFiles/application.elf.dir/ui/ui_tabview.cpp.obj
[69/297] Building CXX object firmware/application/CMakeFiles/application.elf.dir/ui/ui_textentry.cpp.obj
[70/297] Building CXX object firmware/application/CMakeFiles/application.elf.dir/ui/ui_tone_key.cpp.obj
[71/297] Building CXX object firmware/application/CMakeFiles/application.elf.dir/ui/ui_transmitter.cpp.obj
[72/297] Building CXX object firmware/application/CMakeFiles/application.elf.dir/ui/ui_bmpview.cpp.obj
[73/297] Building CXX object firmware/application/CMakeFiles/application.elf.dir/apps/ais_app.cpp.obj
[74/297] Building CXX object firmware/application/CMakeFiles/application.elf.dir/apps/analog_audio_app.cpp.obj
[75/297] Building CXX object firmware/application/CMakeFiles/application.elf.dir/apps/ble_rx_app.cpp.obj
[76/297] Building CXX object firmware/application/CMakeFiles/application.elf.dir/apps/ble_tx_app.cpp.obj
[77/297] Building CXX object firmware/application/CMakeFiles/application.elf.dir/apps/capture_app.cpp.obj
[78/297] Building CXX object firmware/application/CMakeFiles/application.elf.dir/apps/pocsag_app.cpp.obj
[79/297] Building CXX object firmware/application/CMakeFiles/application.elf.dir/apps/ui_about_simple.cpp.obj
[80/297] Building CXX object firmware/application/CMakeFiles/application.elf.dir/apps/ui_adsb_rx.cpp.obj
[81/297] Building CXX object firmware/application/CMakeFiles/application.elf.dir/apps/ui_aprs_rx.cpp.obj
[82/297] Building CXX object firmware/application/CMakeFiles/application.elf.dir/apps/ui_aprs_tx.cpp.obj
[83/297] Building CXX object firmware/application/CMakeFiles/application.elf.dir/apps/ui_battinfo.cpp.obj
[84/297] Building CXX object firmware/application/CMakeFiles/application.elf.dir/apps/ui_bmp_file_viewer.cpp.obj
[85/297] Building CXX object firmware/application/CMakeFiles/application.elf.dir/apps/ui_btle_rx.cpp.obj
[86/297] Building CXX object firmware/application/CMakeFiles/application.elf.dir/apps/ui_debug.cpp.obj
[87/297] Building CXX object firmware/application/CMakeFiles/application.elf.dir/apps/ui_debug_max17055.cpp.obj
[88/297] Building CXX object firmware/application/CMakeFiles/application.elf.dir/apps/ui_dfu_menu.cpp.obj
[89/297] Building CXX object firmware/application/CMakeFiles/application.elf.dir/apps/ui_encoders.cpp.obj
[90/297] Building CXX object firmware/application/CMakeFiles/application.elf.dir/apps/ui_external_module_view.cpp.obj
[91/297] Building CXX object firmware/application/CMakeFiles/application.elf.dir/apps/ui_flash_utility.cpp.obj
[92/297] Building CXX object firmware/application/CMakeFiles/application.elf.dir/apps/ui_fileman.cpp.obj
[93/297] Building CXX object firmware/application/CMakeFiles/application.elf.dir/apps/ui_iq_trim.cpp.obj
[94/297] Building CXX object firmware/application/CMakeFiles/application.elf.dir/apps/ui_freqman.cpp.obj
[95/297] Building CXX object firmware/application/CMakeFiles/application.elf.dir/apps/ui_looking_glass_app.cpp.obj
[96/297] Building CXX object firmware/application/CMakeFiles/application.elf.dir/apps/ui_mictx.cpp.obj
[97/297] Building CXX object firmware/application/CMakeFiles/application.elf.dir/apps/ui_modemsetup.cpp.obj
[98/297] Building CXX object firmware/application/CMakeFiles/application.elf.dir/apps/ui_playlist.cpp.obj
[99/297] Building CXX object firmware/application/CMakeFiles/application.elf.dir/apps/ui_rds.cpp.obj
[100/297] Building CXX object firmware/application/CMakeFiles/application.elf.dir/apps/ui_recon_settings.cpp.obj
[101/297] Building CXX object firmware/application/CMakeFiles/application.elf.dir/apps/ui_recon.cpp.obj
[102/297] Building CXX object firmware/application/CMakeFiles/application.elf.dir/apps/ui_search.cpp.obj
[103/297] Building CXX object firmware/application/CMakeFiles/application.elf.dir/apps/ui_sonde.cpp.obj
[104/297] Building CXX object firmware/application/CMakeFiles/application.elf.dir/apps/ui_settings.cpp.obj
[105/297] Building CXX object firmware/application/CMakeFiles/application.elf.dir/apps/ui_ss_viewer.cpp.obj
[106/297] Building CXX object firmware/application/CMakeFiles/application.elf.dir/apps/ui_standalone_view.cpp.obj
[107/297] Building CXX object firmware/application/CMakeFiles/application.elf.dir/apps/ui_subghzd.cpp.obj
[108/297] Building CXX object firmware/application/CMakeFiles/application.elf.dir/apps/ui_text_editor.cpp.obj
[109/297] Building CXX object firmware/application/CMakeFiles/application.elf.dir/apps/ui_touch_calibration.cpp.obj
[110/297] Building CXX object firmware/application/CMakeFiles/application.elf.dir/apps/ui_touchtunes.cpp.obj
[111/297] Building CXX object firmware/application/CMakeFiles/application.elf.dir/protocols/aprs.cpp.obj
[112/297] Building CXX object firmware/application/CMakeFiles/application.elf.dir/apps/ui_weatherstation.cpp.obj
[113/297] Building CXX object firmware/application/CMakeFiles/application.elf.dir/protocols/ax25.cpp.obj
[114/297] Building CXX object firmware/application/CMakeFiles/application.elf.dir/protocols/encoders.cpp.obj
[115/297] Building CXX object firmware/application/CMakeFiles/application.elf.dir/protocols/modems.cpp.obj
[116/297] Building CXX object firmware/application/CMakeFiles/application.elf.dir/protocols/rds.cpp.obj
[117/297] Building CXX object firmware/application/CMakeFiles/application.elf.dir/config_mode.cpp.obj
[118/297] Building CXX object firmware/application/CMakeFiles/application.elf.dir/ui_sd_card_debug.cpp.obj
[119/297] Building CXX object firmware/application/CMakeFiles/application.elf.dir/external/afsk_rx/main.cpp.obj
[120/297] Building CXX object firmware/application/CMakeFiles/application.elf.dir/ui_external_items_menu_loader.cpp.obj
[121/297] Building CXX object firmware/application/CMakeFiles/application.elf.dir/external/calculator/main.cpp.obj
[122/297] Building CXX object firmware/application/CMakeFiles/application.elf.dir/external/afsk_rx/ui_afsk_rx.cpp.obj
[123/297] Building CXX object firmware/application/CMakeFiles/application.elf.dir/external/font_viewer/main.cpp.obj
[124/297] Building CXX object firmware/application/CMakeFiles/application.elf.dir/external/calculator/ui_calculator.cpp.obj
[125/297] Building CXX object firmware/application/CMakeFiles/application.elf.dir/external/font_viewer/ui_font_viewer.cpp.obj
[126/297] Building CXX object firmware/application/CMakeFiles/application.elf.dir/external/blespam/main.cpp.obj
[127/297] Building CXX object firmware/application/CMakeFiles/application.elf.dir/external/blespam/ui_blespam.cpp.obj
[128/297] Building CXX object firmware/application/CMakeFiles/application.elf.dir/external/analogtv/main.cpp.obj
[129/297] Building CXX object firmware/application/CMakeFiles/application.elf.dir/external/analogtv/ui_tv.cpp.obj
[130/297] Building CXX object firmware/application/CMakeFiles/application.elf.dir/external/analogtv/analog_tv_app.cpp.obj
[131/297] Building CXX object firmware/application/CMakeFiles/application.elf.dir/external/nrf_rx/main.cpp.obj
[132/297] Building CXX object firmware/application/CMakeFiles/application.elf.dir/external/nrf_rx/ui_nrf_rx.cpp.obj
[133/297] Building CXX object firmware/application/CMakeFiles/application.elf.dir/external/coasterp/main.cpp.obj
[134/297] Building CXX object firmware/application/CMakeFiles/application.elf.dir/external/coasterp/ui_coasterp.cpp.obj
[135/297] Building CXX object firmware/application/CMakeFiles/application.elf.dir/external/lge/main.cpp.obj
[136/297] Building CXX object firmware/application/CMakeFiles/application.elf.dir/external/lge/lge_app.cpp.obj
[137/297] Building CXX object firmware/application/CMakeFiles/application.elf.dir/external/lge/rfm69.cpp.obj
[138/297] Building CXX object firmware/application/CMakeFiles/application.elf.dir/external/lcr/main.cpp.obj
[139/297] Building CXX object firmware/application/CMakeFiles/application.elf.dir/external/lcr/ui_lcr.cpp.obj
[140/297] Building CXX object firmware/application/CMakeFiles/application.elf.dir/external/jammer/main.cpp.obj
[141/297] Building CXX object firmware/application/CMakeFiles/application.elf.dir/external/jammer/ui_jammer.cpp.obj
[142/297] Building CXX object firmware/application/CMakeFiles/application.elf.dir/external/gpssim/main.cpp.obj
[143/297] Building CXX object firmware/application/CMakeFiles/application.elf.dir/external/gpssim/gps_sim_app.cpp.obj
[144/297] Building CXX object firmware/application/CMakeFiles/application.elf.dir/external/spainter/main.cpp.obj
[145/297] Building CXX object firmware/application/CMakeFiles/application.elf.dir/external/spainter/ui_spectrum_painter.cpp.obj
[146/297] Building CXX object firmware/application/CMakeFiles/application.elf.dir/external/spainter/ui_spectrum_painter_text.cpp.obj
[147/297] Building CXX object firmware/application/CMakeFiles/application.elf.dir/external/spainter/ui_spectrum_painter_image.cpp.obj
[148/297] Building CXX object firmware/application/CMakeFiles/application.elf.dir/external/keyfob/main.cpp.obj
[149/297] Building CXX object firmware/application/CMakeFiles/application.elf.dir/external/keyfob/ui_keyfob.cpp.obj
[150/297] Building CXX object firmware/application/CMakeFiles/application.elf.dir/external/tetris/main.cpp.obj
[151/297] Building CXX object firmware/application/CMakeFiles/application.elf.dir/external/tetris/ui_tetris.cpp.obj
[152/297] Building CXX object firmware/application/CMakeFiles/application.elf.dir/external/extsensors/main.cpp.obj
[153/297] Building CXX object firmware/application/CMakeFiles/application.elf.dir/external/extsensors/ui_extsensors.cpp.obj
[154/297] Building CXX object firmware/application/CMakeFiles/application.elf.dir/external/foxhunt/main.cpp.obj
[155/297] Building CXX object firmware/application/CMakeFiles/application.elf.dir/external/foxhunt/ui_foxhunt_rx.cpp.obj
[156/297] Building CXX object firmware/application/CMakeFiles/application.elf.dir/external/audio_test/main.cpp.obj
[157/297] Building CXX object firmware/application/CMakeFiles/application.elf.dir/external/audio_test/ui_audio_test.cpp.obj
[158/297] Building CXX object firmware/application/CMakeFiles/application.elf.dir/external/wardrivemap/main.cpp.obj
[159/297] Building CXX object firmware/application/CMakeFiles/application.elf.dir/external/wardrivemap/ui_wardrivemap.cpp.obj
[160/297] Building CXX object firmware/application/CMakeFiles/application.elf.dir/external/tpmsrx/main.cpp.obj
[161/297] Building CXX object firmware/application/CMakeFiles/application.elf.dir/external/tpmstx/main.cpp.obj
[162/297] Building CXX object firmware/application/CMakeFiles/application.elf.dir/external/tpmsrx/tpms_app.cpp.obj
[163/297] Building CXX object firmware/application/CMakeFiles/application.elf.dir/external/protoview/main.cpp.obj
[164/297] Building CXX object firmware/application/CMakeFiles/application.elf.dir/external/tpmstx/tpms_tx_app.cpp.obj
[165/297] Building CXX object firmware/application/CMakeFiles/application.elf.dir/external/protoview/ui_protoview.cpp.obj
[166/297] Building CXX object firmware/application/CMakeFiles/application.elf.dir/external/adsbtx/main.cpp.obj
[167/297] Building CXX object firmware/application/CMakeFiles/application.elf.dir/external/sstvtx/main.cpp.obj
[168/297] Building CXX object firmware/application/CMakeFiles/application.elf.dir/external/adsbtx/ui_adsb_tx.cpp.obj
[169/297] Building CXX object firmware/application/CMakeFiles/application.elf.dir/external/sstvtx/ui_sstvtx.cpp.obj
[170/297] Building CXX object firmware/application/CMakeFiles/application.elf.dir/external/same_tx/main.cpp.obj
[171/297] Building CXX object firmware/application/CMakeFiles/application.elf.dir/external/mdc_tx/main.cpp.obj
[172/297] Building CXX object firmware/application/CMakeFiles/application.elf.dir/external/same_tx/ui_same_tx.cpp.obj
[173/297] Building CXX object firmware/application/CMakeFiles/application.elf.dir/external/mdc_tx/ui_mdc_tx.cpp.obj
[174/297] Building CXX object firmware/application/CMakeFiles/application.elf.dir/external/sstvrx/main.cpp.obj
[175/297] Building CXX object firmware/application/CMakeFiles/application.elf.dir/external/random_password/main.cpp.obj
[176/297] Building CXX object firmware/application/CMakeFiles/application.elf.dir/external/sstvrx/ui_sstvrx.cpp.obj
[177/297] Building CXX object firmware/application/CMakeFiles/application.elf.dir/external/acars_rx/main.cpp.obj
[178/297] Building CXX object firmware/application/CMakeFiles/application.elf.dir/external/random_password/ui_random_password.cpp.obj
[179/297] Building CXX object firmware/application/CMakeFiles/application.elf.dir/external/acars_rx/acars_app.cpp.obj
[180/297] Building CXX object firmware/application/CMakeFiles/application.elf.dir/external/wefax_rx/main.cpp.obj
[181/297] Building CXX object firmware/application/CMakeFiles/application.elf.dir/external/wefax_rx/ui_wefax_rx.cpp.obj
[182/297] Building CXX object firmware/application/CMakeFiles/application.elf.dir/external/noaaapt_rx/main.cpp.obj
[183/297] Building CXX object firmware/application/CMakeFiles/application.elf.dir/external/meteor_lrpt_rx/main.cpp.obj
[184/297] Building CXX object firmware/application/CMakeFiles/application.elf.dir/external/noaaapt_rx/ui_noaaapt_rx.cpp.obj
[185/297] Building CXX object firmware/application/CMakeFiles/application.elf.dir/external/shoppingcart_lock/main.cpp.obj
[186/297] Building CXX object firmware/application/CMakeFiles/application.elf.dir/external/meteor_lrpt_rx/ui_meteor_lrpt_rx.cpp.obj
[187/297] Building CXX object firmware/application/CMakeFiles/application.elf.dir/external/shoppingcart_lock/shoppingcart_lock.cpp.obj
[188/297] Building CXX object firmware/application/CMakeFiles/application.elf.dir/external/ookbrute/main.cpp.obj
[189/297] Building CXX object firmware/application/CMakeFiles/application.elf.dir/external/ook_editor/main.cpp.obj
[190/297] Building CXX object firmware/application/CMakeFiles/application.elf.dir/external/ookbrute/ui_ookbrute.cpp.obj
[191/297] Building CXX object firmware/application/CMakeFiles/application.elf.dir/external/cvs_spam/main.cpp.obj
[192/297] Building CXX object firmware/application/CMakeFiles/application.elf.dir/external/ook_editor/ui_ook_editor.cpp.obj
[193/297] Building CXX object firmware/application/CMakeFiles/application.elf.dir/external/cvs_spam/cvs_spam.cpp.obj
[194/297] Building CXX object firmware/application/CMakeFiles/application.elf.dir/external/flippertx/main.cpp.obj
[195/297] Building CXX object firmware/application/CMakeFiles/application.elf.dir/external/remote/main.cpp.obj
[196/297] Building CXX object firmware/application/CMakeFiles/application.elf.dir/external/flippertx/ui_flippertx.cpp.obj
[197/297] Building CXX object firmware/application/CMakeFiles/application.elf.dir/external/mcu_temperature/main.cpp.obj
[198/297] Building CXX object firmware/application/CMakeFiles/application.elf.dir/external/remote/ui_remote.cpp.obj
[199/297] Building CXX object firmware/application/CMakeFiles/application.elf.dir/external/mcu_temperature/mcu_temperature.cpp.obj
[200/297] Building CXX object firmware/application/CMakeFiles/application.elf.dir/external/fmradio/main.cpp.obj
[201/297] Building CXX object firmware/application/CMakeFiles/application.elf.dir/external/fmradio/ui_fmradio.cpp.obj
[202/297] Building CXX object firmware/application/CMakeFiles/application.elf.dir/external/tuner/main.cpp.obj
[203/297] Building CXX object firmware/application/CMakeFiles/application.elf.dir/external/tuner/ui_tuner.cpp.obj
[204/297] Building CXX object firmware/application/CMakeFiles/application.elf.dir/external/metronome/main.cpp.obj
[205/297] Building CXX object firmware/application/CMakeFiles/application.elf.dir/external/app_manager/main.cpp.obj
[206/297] Building CXX object firmware/application/CMakeFiles/application.elf.dir/external/metronome/ui_metronome.cpp.obj
[207/297] Building CXX object firmware/application/CMakeFiles/application.elf.dir/external/app_manager/ui_app_manager.cpp.obj
[208/297] Building CXX object firmware/application/CMakeFiles/application.elf.dir/external/hopper/main.cpp.obj
[209/297] Building CXX object firmware/application/CMakeFiles/application.elf.dir/external/antenna_length/main.cpp.obj
[210/297] Building CXX object firmware/application/CMakeFiles/application.elf.dir/external/hopper/ui_hopper.cpp.obj
[211/297] Building CXX object firmware/application/CMakeFiles/application.elf.dir/external/antenna_length/ui_whipcalc.cpp.obj
[212/297] Building CXX object firmware/application/CMakeFiles/application.elf.dir/external/wav_view/main.cpp.obj
[213/297] Building CXX object firmware/application/CMakeFiles/application.elf.dir/external/sd_wipe/main.cpp.obj
[214/297] Building CXX object firmware/application/CMakeFiles/application.elf.dir/external/wav_view/ui_view_wav.cpp.obj
[215/297] Building CXX object firmware/application/CMakeFiles/application.elf.dir/external/sd_wipe/ui_sd_wipe.cpp.obj
[216/297] Building CXX object firmware/application/CMakeFiles/application.elf.dir/external/playlist_editor/main.cpp.obj
[217/297] Building CXX object firmware/application/CMakeFiles/application.elf.dir/external/snake/main.cpp.obj
[218/297] Building CXX object firmware/application/CMakeFiles/application.elf.dir/external/playlist_editor/ui_playlist_editor.cpp.obj
[219/297] Building CXX object firmware/application/CMakeFiles/application.elf.dir/external/stopwatch/main.cpp.obj
[220/297] Building CXX object firmware/application/CMakeFiles/application.elf.dir/external/snake/ui_snake.cpp.obj
[221/297] Building CXX object firmware/application/CMakeFiles/application.elf.dir/external/breakout/main.cpp.obj
[222/297] Building CXX object firmware/application/CMakeFiles/application.elf.dir/external/stopwatch/ui_stopwatch.cpp.obj
[223/297] Building CXX object firmware/application/CMakeFiles/application.elf.dir/external/dinogame/main.cpp.obj
[224/297] Building CXX object firmware/application/CMakeFiles/application.elf.dir/external/breakout/ui_breakout.cpp.obj
[225/297] Building CXX object firmware/application/CMakeFiles/application.elf.dir/external/dinogame/ui_dinogame.cpp.obj
[226/297] Building CXX object firmware/application/CMakeFiles/application.elf.dir/external/doom/main.cpp.obj
[227/297] Building CXX object firmware/application/CMakeFiles/application.elf.dir/external/debug_pmem/main.cpp.obj
[228/297] Building CXX object firmware/application/CMakeFiles/application.elf.dir/external/doom/ui_doom.cpp.obj
[229/297] Building CXX object firmware/application/CMakeFiles/application.elf.dir/external/debug_pmem/ui_debug_pmem.cpp.obj
[230/297] Building CXX object firmware/application/CMakeFiles/application.elf.dir/external/scanner/main.cpp.obj
[231/297] Building CXX object firmware/application/CMakeFiles/application.elf.dir/external/level/main.cpp.obj
[232/297] Building CXX object firmware/application/CMakeFiles/application.elf.dir/external/scanner/ui_scanner.cpp.obj
[233/297] Building CXX object firmware/application/CMakeFiles/application.elf.dir/external/gfxeq/main.cpp.obj
[234/297] Building CXX object firmware/application/CMakeFiles/application.elf.dir/external/level/ui_level.cpp.obj
[235/297] Building CXX object firmware/application/CMakeFiles/application.elf.dir/external/gfxeq/ui_gfxeq.cpp.obj
[236/297] Building CXX object firmware/application/CMakeFiles/application.elf.dir/external/waterfall_designer/main.cpp.obj
[237/297] Building CXX object firmware/application/CMakeFiles/application.elf.dir/external/detector_rx/main.cpp.obj
[238/297] Building CXX object firmware/application/CMakeFiles/application.elf.dir/external/waterfall_designer/ui_waterfall_designer.cpp.obj
[239/297] Building CXX object firmware/application/CMakeFiles/application.elf.dir/external/spaceinv/main.cpp.obj
[240/297] Building CXX object firmware/application/CMakeFiles/application.elf.dir/external/detector_rx/ui_detector_rx.cpp.obj
[241/297] Building CXX object firmware/application/CMakeFiles/application.elf.dir/external/spaceinv/ui_spaceinv.cpp.obj
[242/297] Building CXX object firmware/application/CMakeFiles/application.elf.dir/external/blackjack/main.cpp.obj
[243/297] Building CXX object firmware/application/CMakeFiles/application.elf.dir/external/blackjack/ui_blackjack.cpp.obj
[244/297] Building CXX object firmware/application/CMakeFiles/application.elf.dir/external/battleship/main.cpp.obj
[245/297] Building CXX object firmware/application/CMakeFiles/application.elf.dir/external/ert/main.cpp.obj
[246/297] Building CXX object firmware/application/CMakeFiles/application.elf.dir/external/battleship/ui_battleship.cpp.obj
[247/297] Building CXX object firmware/application/CMakeFiles/application.elf.dir/external/ert/ert_app.cpp.obj
[248/297] Building CXX object firmware/application/CMakeFiles/application.elf.dir/external/epirb_rx/main.cpp.obj
[249/297] Building CXX object firmware/application/CMakeFiles/application.elf.dir/external/epirb_tx/main.cpp.obj
[250/297] Building CXX object firmware/application/CMakeFiles/application.elf.dir/external/epirb_rx/ui_epirb_rx.cpp.obj
[251/297] Building CXX object firmware/application/CMakeFiles/application.elf.dir/external/soundboard/main.cpp.obj
[252/297] Building CXX object firmware/application/CMakeFiles/application.elf.dir/external/epirb_tx/ui_epirb_tx.cpp.obj
[253/297] Building CXX object firmware/application/CMakeFiles/application.elf.dir/external/soundboard/soundboard_app.cpp.obj
[254/297] Building CXX object firmware/application/CMakeFiles/application.elf.dir/external/game2048/main.cpp.obj
[255/297] Building CXX object firmware/application/CMakeFiles/application.elf.dir/external/game2048/ui_game2048.cpp.obj
[256/297] Building CXX object firmware/application/CMakeFiles/application.elf.dir/external/bht_tx/main.cpp.obj
[257/297] Building CXX object firmware/application/CMakeFiles/application.elf.dir/external/bht_tx/ui_bht_tx.cpp.obj
[258/297] Building CXX object firmware/application/CMakeFiles/application.elf.dir/external/bht_tx/bht.cpp.obj
[259/297] Building CXX object firmware/application/CMakeFiles/application.elf.dir/external/morse_practice/main.cpp.obj
[260/297] Building CXX object firmware/application/CMakeFiles/application.elf.dir/external/morse_practice/ui_morse_practice.cpp.obj
[261/297] Building CXX object firmware/application/CMakeFiles/application.elf.dir/external/adult_toys_controller/main.cpp.obj
[262/297] Building CXX object firmware/application/CMakeFiles/application.elf.dir/external/adult_toys_controller/ui_adult_toys_controller.cpp.obj
[263/297] Building CXX object firmware/application/CMakeFiles/application.elf.dir/external/flex_rx/main.cpp.obj
[264/297] Building CXX object firmware/application/CMakeFiles/application.elf.dir/external/flex_rx/ui_flex_rx.cpp.obj
[265/297] Building CXX object firmware/application/CMakeFiles/application.elf.dir/external/subcarrx/main.cpp.obj
[266/297] Building CXX object firmware/application/CMakeFiles/application.elf.dir/external/subcarrx/ui_subcar.cpp.obj
[267/297] Building CXX object firmware/application/CMakeFiles/application.elf.dir/external/siggen/main.cpp.obj
[268/297] Building CXX object firmware/application/CMakeFiles/application.elf.dir/external/siggen/ui_siggen.cpp.obj
[269/297] Building CXX object firmware/application/CMakeFiles/application.elf.dir/external/morse_radio/main.cpp.obj
[270/297] Building CXX object firmware/application/CMakeFiles/application.elf.dir/external/morse_radio/ui_morse_radio.cpp.obj
[271/297] Building CXX object firmware/application/CMakeFiles/application.elf.dir/external/morseradiotx/main.cpp.obj
[272/297] Building CXX object firmware/application/CMakeFiles/application.elf.dir/external/morseradiotx/ui_morse_radiotx.cpp.obj
[273/297] Building CXX object firmware/application/CMakeFiles/application.elf.dir/external/keeloqtx/main.cpp.obj
[274/297] Building CXX object firmware/application/CMakeFiles/application.elf.dir/external/keeloqtx/ui_keeloqtx.cpp.obj
[275/297] Building CXX object firmware/application/CMakeFiles/application.elf.dir/external/rtty_rx/main.cpp.obj
[276/297] Building CXX object firmware/application/CMakeFiles/application.elf.dir/external/rtty_rx/ui_rtty_rx.cpp.obj
[277/297] Building CXX object firmware/application/CMakeFiles/application.elf.dir/external/rtty_tx/main.cpp.obj
[278/297] Building CXX object firmware/application/CMakeFiles/application.elf.dir/external/rtty_tx/ui_rtty_tx.cpp.obj
[279/297] Building CXX object firmware/application/CMakeFiles/application.elf.dir/external/pocsag_tx/main.cpp.obj
[280/297] Building CXX object firmware/application/CMakeFiles/application.elf.dir/external/pocsag_tx/ui_pocsag_tx.cpp.obj
[281/297] Building CXX object firmware/application/CMakeFiles/application.elf.dir/external/flex_tx/main.cpp.obj
[282/297] Building CXX object firmware/application/CMakeFiles/application.elf.dir/external/flex_tx/ui_flex_tx.cpp.obj
[283/297] Building CXX object firmware/application/CMakeFiles/application.elf.dir/external/time_sink/main.cpp.obj
[284/297] Building CXX object firmware/application/CMakeFiles/application.elf.dir/external/time_sink/ui_time_sink.cpp.obj
[285/297] Building CXX object firmware/application/CMakeFiles/application.elf.dir/external/kiss_tnc/main.cpp.obj
[286/297] Building CXX object firmware/application/CMakeFiles/application.elf.dir/external/kiss_tnc/ui_kiss_tnc.cpp.obj
[287/297] Building CXX object firmware/application/CMakeFiles/application.elf.dir/external/fpv_detect/main.cpp.obj
[288/297] Building CXX object firmware/application/CMakeFiles/application.elf.dir/external/fpv_detect/ui_fpv_detect.cpp.obj
[289/297] Building CXX object firmware/application/CMakeFiles/application.elf.dir/external/p25_tx/main.cpp.obj
[290/297] Building CXX object firmware/application/CMakeFiles/application.elf.dir/external/p25_tx/ui_p25_tx.cpp.obj
[291/297] Building CXX object firmware/application/CMakeFiles/application.elf.dir/external/two_tone_pager/main.cpp.obj
[292/297] Building CXX object firmware/application/CMakeFiles/application.elf.dir/external/two_tone_pager/ui_two_tone_pager.cpp.obj
[293/297] Building CXX object firmware/application/CMakeFiles/application.elf.dir/external/two_tone_rx/main.cpp.obj
[294/297] Building CXX object firmware/application/CMakeFiles/application.elf.dir/external/two_tone_rx/ui_two_tone_rx.cpp.obj
[295/297] Building CXX object firmware/application/CMakeFiles/application.elf.dir/external/sdusb/main.cpp.obj
[296/297] Building CXX object firmware/application/CMakeFiles/application.elf.dir/external/sdusb/ui_sd_over_usb.cpp.obj
[297/297] Linking CXX executable firmware/application/application.elf
FAILED: firmware/application/application.elf
: && /usr/bin/arm-none-eabi-g++ -mcpu=cortex-m0 -Os -g --specs=nano.specs -specs=nosys.specs -ffunction-sections -fdata-sections -fno-common -std=c++20 -fno-rtti -fno-exceptions -Weffc++ -Wuninitialized -Wno-volatile -Wall -Wextra -Wno-psabi -mno-thumb-interwork -mthumb -DTHUMB -Os -DNDEBUG -nostartfiles -Wl,--library-path=/work/firmware/chibios/os/ports/GCC/ARMCMx,--script=/work/firmware/chibios-portapack/os/ports/GCC/ARMCMx/LPC43xx_M0/ld/LPC43xx_M0.ld,--gc-sections -mno-thumb-interwork -mthumb     -Wl,--defsym=LD_RAM_SIZE=64k     -Wl,--defsym=LD_M0_LOCAL_HEAP_SIZE=0k     -Wl,--defsym=LD_M0_LOCAL_HEAP_ORIGIN=0     -Wl,--defsym=LD_M4_RAM_LEN=96k     -Wl,--defsym=LD_M4_FLASH_LEN=32752     -Wl,--defsym=LD_USB_RAM_LEN=32k     -Wl,--defsym=LD_FLASH_SIZE=1M    -Wl,--defsym,LD_FLASH_SIZE=1048576 firmware/application/CMakeFiles/application.elf.dir/__/chibios/os/ports/GCC/ARMCMx/crt0.c.obj firmware/application/CMakeFiles/application.elf.dir/__/chibios-portapack/os/ports/GCC/ARMCMx/LPC43xx_M0/vectors.c.obj firmware/application/CMakeFiles/application.elf.dir/__/chibios/os/ports/GCC/ARMCMx/chcore.c.obj firmware/application/CMakeFiles/application.elf.dir/__/chibios/os/ports/GCC/ARMCMx/chcore_v6m.c.obj firmware/application/CMakeFiles/application.elf.dir/__/chibios/os/ports/common/ARMCMx/nvic.c.obj firmware/application/CMakeFiles/application.elf.dir/__/chibios/os/kernel/src/chsys.c.obj firmware/application/CMakeFiles/application.elf.dir/__/chibios/os/kernel/src/chdebug.c.obj firmware/application/CMakeFiles/application.elf.dir/__/chibios/os/kernel/src/chlists.c.obj firmware/application/CMakeFiles/application.elf.dir/__/chibios/os/kernel/src/chvt.c.obj firmware/application/CMakeFiles/application.elf.dir/__/chibios/os/kernel/src/chschd.c.obj firmware/application/CMakeFiles/application.elf.dir/__/chibios/os/kernel/src/chthreads.c.obj firmware/application/CMakeFiles/application.elf.dir/__/chibios/os/kernel/src/chdynamic.c.obj firmware/application/CMakeFiles/application.elf.dir/__/chibios/os/kernel/src/chregistry.c.obj firmware/application/CMakeFiles/application.elf.dir/__/chibios/os/kernel/src/chsem.c.obj firmware/application/CMakeFiles/application.elf.dir/__/chibios/os/kernel/src/chmtx.c.obj firmware/application/CMakeFiles/application.elf.dir/__/chibios/os/kernel/src/chcond.c.obj firmware/application/CMakeFiles/application.elf.dir/__/chibios/os/kernel/src/chevents.c.obj firmware/application/CMakeFiles/application.elf.dir/__/chibios/os/kernel/src/chmsg.c.obj firmware/application/CMakeFiles/application.elf.dir/__/chibios/os/kernel/src/chmboxes.c.obj firmware/application/CMakeFiles/application.elf.dir/__/chibios/os/kernel/src/chqueues.c.obj firmware/application/CMakeFiles/application.elf.dir/__/chibios/os/kernel/src/chmemcore.c.obj firmware/application/CMakeFiles/application.elf.dir/__/chibios/os/kernel/src/chheap.c.obj firmware/application/CMakeFiles/application.elf.dir/__/chibios/os/kernel/src/chmempools.c.obj firmware/application/CMakeFiles/application.elf.dir/__/chibios/test/test.c.obj firmware/application/CMakeFiles/application.elf.dir/__/chibios/test/testthd.c.obj firmware/application/CMakeFiles/application.elf.dir/__/chibios/test/testsem.c.obj firmware/application/CMakeFiles/application.elf.dir/__/chibios/test/testmtx.c.obj firmware/application/CMakeFiles/application.elf.dir/__/chibios/test/testmsg.c.obj firmware/application/CMakeFiles/application.elf.dir/__/chibios/test/testmbox.c.obj firmware/application/CMakeFiles/application.elf.dir/__/chibios/test/testevt.c.obj firmware/application/CMakeFiles/application.elf.dir/__/chibios/test/testheap.c.obj firmware/application/CMakeFiles/application.elf.dir/__/chibios/test/testpools.c.obj firmware/application/CMakeFiles/application.elf.dir/__/chibios/test/testdyn.c.obj firmware/application/CMakeFiles/application.elf.dir/__/chibios/test/testqueues.c.obj firmware/application/CMakeFiles/application.elf.dir/__/chibios/test/testbmk.c.obj firmware/application/CMakeFiles/application.elf.dir/__/chibios/os/hal/src/hal.c.obj firmware/application/CMakeFiles/application.elf.dir/__/chibios/os/hal/src/adc.c.obj firmware/application/CMakeFiles/application.elf.dir/__/chibios/os/hal/src/can.c.obj firmware/application/CMakeFiles/application.elf.dir/__/chibios/os/hal/src/ext.c.obj firmware/application/CMakeFiles/application.elf.dir/__/chibios/os/hal/src/gpt.c.obj firmware/application/CMakeFiles/application.elf.dir/__/chibios/os/hal/src/i2c.c.obj firmware/application/CMakeFiles/application.elf.dir/__/chibios/os/hal/src/icu.c.obj firmware/application/CMakeFiles/application.elf.dir/__/chibios/os/hal/src/mac.c.obj firmware/application/CMakeFiles/application.elf.dir/__/chibios/os/hal/src/mmc_spi.c.obj firmware/application/CMakeFiles/application.elf.dir/__/chibios/os/hal/src/mmcsd.c.obj firmware/application/CMakeFiles/application.elf.dir/__/chibios/os/hal/src/pal.c.obj firmware/application/CMakeFiles/application.elf.dir/__/chibios/os/hal/src/pwm.c.obj firmware/application/CMakeFiles/application.elf.dir/__/chibios/os/hal/src/rtc.c.obj firmware/application/CMakeFiles/application.elf.dir/__/chibios/os/hal/src/sdc.c.obj firmware/application/CMakeFiles/application.elf.dir/__/chibios/os/hal/src/serial.c.obj firmware/application/CMakeFiles/application.elf.dir/__/chibios/os/hal/src/serial_usb.c.obj firmware/application/CMakeFiles/application.elf.dir/__/chibios/os/hal/src/spi.c.obj firmware/application/CMakeFiles/application.elf.dir/__/chibios/os/hal/src/tm.c.obj firmware/application/CMakeFiles/application.elf.dir/__/chibios/os/hal/src/uart.c.obj firmware/application/CMakeFiles/application.elf.dir/__/chibios/os/hal/src/usb.c.obj firmware/application/CMakeFiles/application.elf.dir/__/chibios-portapack/os/hal/platforms/LPC43xx_M0/hal_lld.c.obj firmware/application/CMakeFiles/application.elf.dir/__/chibios-portapack/os/hal/platforms/LPC43xx/gpt_lld.c.obj firmware/application/CMakeFiles/application.elf.dir/__/chibios-portapack/os/hal/platforms/LPC43xx/i2c_lld.c.obj firmware/application/CMakeFiles/application.elf.dir/__/chibios-portapack/os/hal/platforms/LPC43xx/pal_lld.c.obj firmware/application/CMakeFiles/application.elf.dir/__/chibios-portapack/os/hal/platforms/LPC43xx/rtc_lld.c.obj firmware/application/CMakeFiles/application.elf.dir/__/chibios-portapack/os/hal/platforms/LPC43xx/sdc_lld.c.obj firmware/application/CMakeFiles/application.elf.dir/__/chibios-portapack/os/hal/platforms/LPC43xx/serial_lld.c.obj firmware/application/CMakeFiles/application.elf.dir/__/chibios-portapack/os/hal/platforms/LPC43xx/spi_lld.c.obj firmware/application/CMakeFiles/application.elf.dir/__/chibios-portapack/os/hal/platforms/LPC43xx/lpc43xx.c.obj firmware/application/CMakeFiles/application.elf.dir/__/chibios-portapack/boards/PORTAPACK_APPLICATION/board.cpp.obj firmware/application/CMakeFiles/application.elf.dir/__/chibios-portapack/os/various/fatfs_bindings/fatfs_diskio.c.obj firmware/application/CMakeFiles/application.elf.dir/__/chibios-portapack/os/various/fatfs_bindings/fatfs_syscall.c.obj firmware/application/CMakeFiles/application.elf.dir/__/chibios-portapack/ext/fatfs/src/ff.c.obj firmware/application/CMakeFiles/application.elf.dir/__/chibios-portapack/ext/fatfs/src/option/unicode.c.obj firmware/application/CMakeFiles/application.elf.dir/firmware_info.c.obj firmware/application/CMakeFiles/application.elf.dir/usb_serial_cdc.c.obj firmware/application/CMakeFiles/application.elf.dir/usb_serial_descriptor.c.obj firmware/application/CMakeFiles/application.elf.dir/usb_serial_endpoints.c.obj firmware/application/CMakeFiles/application.elf.dir/usb_serial_device_to_host.c.obj firmware/application/CMakeFiles/application.elf.dir/i2c_device_to_host.c.obj firmware/application/CMakeFiles/application.elf.dir/hackrf_core_mini.c.obj firmware/application/CMakeFiles/application.elf.dir/__/__/hackrf/firmware/common/adc.c.obj firmware/application/CMakeFiles/application.elf.dir/__/__/hackrf/firmware/common/usb.c.obj firmware/application/CMakeFiles/application.elf.dir/__/__/hackrf/firmware/common/usb_queue.c.obj firmware/application/CMakeFiles/application.elf.dir/__/__/hackrf/firmware/hackrf_usb/usb_device.c.obj firmware/application/CMakeFiles/application.elf.dir/__/__/hackrf/firmware/common/usb_request.c.obj firmware/application/CMakeFiles/application.elf.dir/__/__/hackrf/firmware/common/usb_standard_request.c.obj firmware/application/CMakeFiles/application.elf.dir/__/__/hackrf/firmware/libopencm3/lib/lpc43xx/scu.c.obj firmware/application/CMakeFiles/application.elf.dir/__/__/hackrf/firmware/common/gpio_lpc.c.obj firmware/application/CMakeFiles/application.elf.dir/__/__/hackrf/firmware/common/platform_detect.c.obj firmware/application/CMakeFiles/application.elf.dir/__/chibios/os/various/chprintf.c.obj firmware/application/CMakeFiles/application.elf.dir/meteor_lrpt_g4/third_party/tjpgd/tjpgd.c.obj firmware/application/CMakeFiles/application.elf.dir/main.cpp.obj firmware/application/CMakeFiles/application.elf.dir/shell.cpp.obj firmware/application/CMakeFiles/application.elf.dir/__/common/adsb.cpp.obj firmware/application/CMakeFiles/application.elf.dir/__/common/adsb_frame.cpp.obj firmware/application/CMakeFiles/application.elf.dir/__/common/ais_baseband.cpp.obj firmware/application/CMakeFiles/application.elf.dir/__/common/ais_packet.cpp.obj firmware/application/CMakeFiles/application.elf.dir/__/common/ak4951.cpp.obj firmware/application/CMakeFiles/application.elf.dir/__/common/backlight.cpp.obj firmware/application/CMakeFiles/application.elf.dir/__/common/baseband_cpld.cpp.obj firmware/application/CMakeFiles/application.elf.dir/__/common/bch_code.cpp.obj firmware/application/CMakeFiles/application.elf.dir/__/common/buffer.cpp.obj firmware/application/CMakeFiles/application.elf.dir/__/common/buffer_exchange.cpp.obj firmware/application/CMakeFiles/application.elf.dir/__/common/chibios_cpp.cpp.obj firmware/application/CMakeFiles/application.elf.dir/__/common/cpld_max5.cpp.obj firmware/application/CMakeFiles/application.elf.dir/__/common/cpld_update.cpp.obj firmware/application/CMakeFiles/application.elf.dir/__/common/cpld_xilinx.cpp.obj firmware/application/CMakeFiles/application.elf.dir/debug.cpp.obj firmware/application/CMakeFiles/application.elf.dir/__/common/ert_packet.cpp.obj firmware/application/CMakeFiles/application.elf.dir/__/common/event.cpp.obj firmware/application/CMakeFiles/application.elf.dir/__/common/gcc.cpp.obj firmware/application/CMakeFiles/application.elf.dir/__/common/hackrf_hal.cpp.obj firmware/application/CMakeFiles/application.elf.dir/__/common/i2c_pp.cpp.obj firmware/application/CMakeFiles/application.elf.dir/__/common/jtag.cpp.obj firmware/application/CMakeFiles/application.elf.dir/__/common/jtag_tap.cpp.obj firmware/application/CMakeFiles/application.elf.dir/__/common/lcd_ili9341.cpp.obj firmware/application/CMakeFiles/application.elf.dir/__/common/lfsr_random.cpp.obj firmware/application/CMakeFiles/application.elf.dir/__/common/manchester.cpp.obj firmware/application/CMakeFiles/application.elf.dir/__/common/message_queue.cpp.obj firmware/application/CMakeFiles/application.elf.dir/__/common/morse.cpp.obj firmware/application/CMakeFiles/application.elf.dir/__/common/png_writer.cpp.obj firmware/application/CMakeFiles/application.elf.dir/__/common/pocsag.cpp.obj firmware/application/CMakeFiles/application.elf.dir/__/common/pocsag_packet.cpp.obj firmware/application/CMakeFiles/application.elf.dir/__/common/aprs_packet.cpp.obj firmware/application/CMakeFiles/application.elf.dir/__/common/portapack_io.cpp.obj firmware/application/CMakeFiles/application.elf.dir/__/common/portapack_persistent_memory.cpp.obj firmware/application/CMakeFiles/application.elf.dir/__/common/portapack_shared_memory.cpp.obj firmware/application/CMakeFiles/application.elf.dir/__/common/sonde_packet.cpp.obj firmware/application/CMakeFiles/application.elf.dir/__/common/tpms_packet.cpp.obj firmware/application/CMakeFiles/application.elf.dir/__/common/ui.cpp.obj firmware/application/CMakeFiles/application.elf.dir/__/common/ui_focus.cpp.obj firmware/application/CMakeFiles/application.elf.dir/__/common/ui_painter.cpp.obj firmware/application/CMakeFiles/application.elf.dir/__/common/ui_text.cpp.obj firmware/application/CMakeFiles/application.elf.dir/__/common/ui_widget.cpp.obj firmware/application/CMakeFiles/application.elf.dir/__/common/ui_language.cpp.obj firmware/application/CMakeFiles/application.elf.dir/__/common/utility.cpp.obj firmware/application/CMakeFiles/application.elf.dir/__/common/wm8731.cpp.obj firmware/application/CMakeFiles/application.elf.dir/__/common/i2cdevmanager.cpp.obj firmware/application/CMakeFiles/application.elf.dir/__/common/i2cdev_ads1110.cpp.obj firmware/application/CMakeFiles/application.elf.dir/__/common/i2cdev_bh1750.cpp.obj firmware/application/CMakeFiles/application.elf.dir/__/common/i2cdev_bmx280.cpp.obj firmware/application/CMakeFiles/application.elf.dir/__/common/i2cdev_max17055.cpp.obj firmware/application/CMakeFiles/application.elf.dir/__/common/i2cdev_ppmod.cpp.obj firmware/application/CMakeFiles/application.elf.dir/__/common/i2cdev_sht3x.cpp.obj firmware/application/CMakeFiles/application.elf.dir/__/common/i2cdev_sht4x.cpp.obj firmware/application/CMakeFiles/application.elf.dir/__/common/battery.cpp.obj firmware/application/CMakeFiles/application.elf.dir/__/common/performance_counter.cpp.obj firmware/application/CMakeFiles/application.elf.dir/__/common/bmpfile.cpp.obj firmware/application/CMakeFiles/application.elf.dir/app_settings.cpp.obj firmware/application/CMakeFiles/application.elf.dir/audio.cpp.obj firmware/application/CMakeFiles/application.elf.dir/baseband_api.cpp.obj firmware/application/CMakeFiles/application.elf.dir/capture_thread.cpp.obj firmware/application/CMakeFiles/application.elf.dir/clock_manager.cpp.obj firmware/application/CMakeFiles/application.elf.dir/core_control.cpp.obj firmware/application/CMakeFiles/application.elf.dir/database.cpp.obj firmware/application/CMakeFiles/application.elf.dir/gradient.cpp.obj firmware/application/CMakeFiles/application.elf.dir/event_m0.cpp.obj firmware/application/CMakeFiles/application.elf.dir/file_reader.cpp.obj firmware/application/CMakeFiles/application.elf.dir/file.cpp.obj firmware/application/CMakeFiles/application.elf.dir/file_path.cpp.obj firmware/application/CMakeFiles/application.elf.dir/freqman_db.cpp.obj firmware/application/CMakeFiles/application.elf.dir/freqman.cpp.obj firmware/application/CMakeFiles/application.elf.dir/io_convert.cpp.obj firmware/application/CMakeFiles/application.elf.dir/io_file.cpp.obj firmware/application/CMakeFiles/application.elf.dir/io_wave.cpp.obj firmware/application/CMakeFiles/application.elf.dir/iq_trim.cpp.obj firmware/application/CMakeFiles/application.elf.dir/irq_controls.cpp.obj firmware/application/CMakeFiles/application.elf.dir/irq_lcd_frame.cpp.obj firmware/application/CMakeFiles/application.elf.dir/irq_rtc.cpp.obj firmware/application/CMakeFiles/application.elf.dir/keeloq_common.cpp.obj firmware/application/CMakeFiles/application.elf.dir/keeloq_file.cpp.obj firmware/application/CMakeFiles/application.elf.dir/keeloq_keystore.cpp.obj firmware/application/CMakeFiles/application.elf.dir/log_file.cpp.obj firmware/application/CMakeFiles/application.elf.dir/metadata_file.cpp.obj firmware/application/CMakeFiles/application.elf.dir/meteor_lrpt_sector_file_ring.cpp.obj firmware/application/CMakeFiles/application.elf.dir/meteor_lrpt_deinterleave_dispatch_m0.cpp.obj firmware/application/CMakeFiles/application.elf.dir/meteor_lrpt_deint_service.cpp.obj firmware/application/CMakeFiles/application.elf.dir/meteor_lrpt_msumr.cpp.obj firmware/application/CMakeFiles/application.elf.dir/meteor_lrpt_g4/msumr_demux.cpp.obj firmware/application/CMakeFiles/application.elf.dir/meteor_lrpt_g4/jpeg_decode.cpp.obj firmware/application/CMakeFiles/application.elf.dir/meteor_lrpt_g4/meteor_lrpt_g4_preview.cpp.obj firmware/application/CMakeFiles/application.elf.dir/meteor_lrpt_g4_service.cpp.obj firmware/application/CMakeFiles/application.elf.dir/__/baseband/meteor_lrpt/meteor_deinterleaver.cpp.obj firmware/application/CMakeFiles/application.elf.dir/__/baseband/meteor_lrpt/meteor_deinterleaver_reader.cpp.obj firmware/application/CMakeFiles/application.elf.dir/__/baseband/meteor_lrpt/meteor_soft_correlate.cpp.obj firmware/application/CMakeFiles/application.elf.dir/__/baseband/meteor_lrpt/external_ring_ram.cpp.obj firmware/application/CMakeFiles/application.elf.dir/flipper_subfile.cpp.obj firmware/application/CMakeFiles/application.elf.dir/portapack.cpp.obj firmware/application/CMakeFiles/application.elf.dir/usb_serial_shell.cpp.obj firmware/application/CMakeFiles/application.elf.dir/usb_serial_shell_filesystem.cpp.obj firmware/application/CMakeFiles/application.elf.dir/usb_serial_event.cpp.obj firmware/application/CMakeFiles/application.elf.dir/usb_serial_thread.cpp.obj firmware/application/CMakeFiles/application.elf.dir/usb_serial.cpp.obj firmware/application/CMakeFiles/application.elf.dir/usb_serial_host_to_device.cpp.obj firmware/application/CMakeFiles/application.elf.dir/usb_serial_asyncmsg.cpp.obj firmware/application/CMakeFiles/application.elf.dir/qrcodegen.cpp.obj firmware/application/CMakeFiles/application.elf.dir/radio.cpp.obj firmware/application/CMakeFiles/application.elf.dir/receiver_model.cpp.obj firmware/application/CMakeFiles/application.elf.dir/recent_entries.cpp.obj firmware/application/CMakeFiles/application.elf.dir/replay_thread.cpp.obj firmware/application/CMakeFiles/application.elf.dir/rf_path.cpp.obj firmware/application/CMakeFiles/application.elf.dir/rtc_time.cpp.obj firmware/application/CMakeFiles/application.elf.dir/sd_card.cpp.obj firmware/application/CMakeFiles/application.elf.dir/serializer.cpp.obj firmware/application/CMakeFiles/application.elf.dir/spectrum_color_lut.cpp.obj firmware/application/CMakeFiles/application.elf.dir/string_format.cpp.obj firmware/application/CMakeFiles/application.elf.dir/temperature_logger.cpp.obj firmware/application/CMakeFiles/application.elf.dir/theme.cpp.obj firmware/application/CMakeFiles/application.elf.dir/touch.cpp.obj firmware/application/CMakeFiles/application.elf.dir/tone_key.cpp.obj firmware/application/CMakeFiles/application.elf.dir/transmitter_model.cpp.obj firmware/application/CMakeFiles/application.elf.dir/tuning.cpp.obj firmware/application/CMakeFiles/application.elf.dir/hw/debounce.cpp.obj firmware/application/CMakeFiles/application.elf.dir/hw/encoder.cpp.obj firmware/application/CMakeFiles/application.elf.dir/hw/max2837.cpp.obj firmware/application/CMakeFiles/application.elf.dir/hw/max2839.cpp.obj firmware/application/CMakeFiles/application.elf.dir/hw/max2831.cpp.obj firmware/application/CMakeFiles/application.elf.dir/hw/max5864.cpp.obj firmware/application/CMakeFiles/application.elf.dir/hw/rffc507x.cpp.obj firmware/application/CMakeFiles/application.elf.dir/hw/rffc507x_spi.cpp.obj firmware/application/CMakeFiles/application.elf.dir/hw/si5351.cpp.obj firmware/application/CMakeFiles/application.elf.dir/hw/spi_pp.cpp.obj firmware/application/CMakeFiles/application.elf.dir/hw/touch_adc.cpp.obj firmware/application/CMakeFiles/application.elf.dir/ook_file.cpp.obj firmware/application/CMakeFiles/application.elf.dir/ui_baseband_stats_view.cpp.obj firmware/application/CMakeFiles/application.elf.dir/ui_navigation.cpp.obj firmware/application/CMakeFiles/application.elf.dir/ui_notifications.cpp.obj firmware/application/CMakeFiles/application.elf.dir/ui_record_view.cpp.obj firmware/application/CMakeFiles/application.elf.dir/ui_sd_card_status_view.cpp.obj firmware/application/CMakeFiles/application.elf.dir/ui/ui_alphanum.cpp.obj firmware/application/CMakeFiles/application.elf.dir/ui/ui_audio.cpp.obj firmware/application/CMakeFiles/application.elf.dir/ui/ui_channel.cpp.obj firmware/application/CMakeFiles/application.elf.dir/ui/ui_font_fixed_5x8.cpp.obj firmware/application/CMakeFiles/application.elf.dir/ui/ui_font_fixed_8x16.cpp.obj firmware/application/CMakeFiles/application.elf.dir/ui/ui_geomap.cpp.obj firmware/application/CMakeFiles/application.elf.dir/ui/ui_qrcode.cpp.obj firmware/application/CMakeFiles/application.elf.dir/ui/ui_menu.cpp.obj firmware/application/CMakeFiles/application.elf.dir/ui/ui_btngrid.cpp.obj firmware/application/CMakeFiles/application.elf.dir/ui/ui_receiver.cpp.obj firmware/application/CMakeFiles/application.elf.dir/ui/ui_rssi.cpp.obj firmware/application/CMakeFiles/application.elf.dir/ui/ui_freqlist.cpp.obj firmware/application/CMakeFiles/application.elf.dir/ui/ui_spectrum.cpp.obj firmware/application/CMakeFiles/application.elf.dir/ui/ui_tabview.cpp.obj firmware/application/CMakeFiles/application.elf.dir/ui/ui_textentry.cpp.obj firmware/application/CMakeFiles/application.elf.dir/ui/ui_tone_key.cpp.obj firmware/application/CMakeFiles/application.elf.dir/ui/ui_transmitter.cpp.obj firmware/application/CMakeFiles/application.elf.dir/ui/ui_bmpview.cpp.obj firmware/application/CMakeFiles/application.elf.dir/apps/ais_app.cpp.obj firmware/application/CMakeFiles/application.elf.dir/apps/analog_audio_app.cpp.obj firmware/application/CMakeFiles/application.elf.dir/apps/ble_rx_app.cpp.obj firmware/application/CMakeFiles/application.elf.dir/apps/ble_tx_app.cpp.obj firmware/application/CMakeFiles/application.elf.dir/apps/capture_app.cpp.obj firmware/application/CMakeFiles/application.elf.dir/apps/pocsag_app.cpp.obj firmware/application/CMakeFiles/application.elf.dir/apps/ui_about_simple.cpp.obj firmware/application/CMakeFiles/application.elf.dir/apps/ui_adsb_rx.cpp.obj firmware/application/CMakeFiles/application.elf.dir/apps/ui_aprs_rx.cpp.obj firmware/application/CMakeFiles/application.elf.dir/apps/ui_aprs_tx.cpp.obj firmware/application/CMakeFiles/application.elf.dir/apps/ui_battinfo.cpp.obj firmware/application/CMakeFiles/application.elf.dir/apps/ui_bmp_file_viewer.cpp.obj firmware/application/CMakeFiles/application.elf.dir/apps/ui_btle_rx.cpp.obj firmware/application/CMakeFiles/application.elf.dir/apps/ui_debug.cpp.obj firmware/application/CMakeFiles/application.elf.dir/apps/ui_debug_max17055.cpp.obj firmware/application/CMakeFiles/application.elf.dir/apps/ui_dfu_menu.cpp.obj firmware/application/CMakeFiles/application.elf.dir/apps/ui_encoders.cpp.obj firmware/application/CMakeFiles/application.elf.dir/apps/ui_external_module_view.cpp.obj firmware/application/CMakeFiles/application.elf.dir/apps/ui_fileman.cpp.obj firmware/application/CMakeFiles/application.elf.dir/apps/ui_flash_utility.cpp.obj firmware/application/CMakeFiles/application.elf.dir/apps/ui_freqman.cpp.obj firmware/application/CMakeFiles/application.elf.dir/apps/ui_iq_trim.cpp.obj firmware/application/CMakeFiles/application.elf.dir/apps/ui_looking_glass_app.cpp.obj firmware/application/CMakeFiles/application.elf.dir/apps/ui_mictx.cpp.obj firmware/application/CMakeFiles/application.elf.dir/apps/ui_modemsetup.cpp.obj firmware/application/CMakeFiles/application.elf.dir/apps/ui_playlist.cpp.obj firmware/application/CMakeFiles/application.elf.dir/apps/ui_rds.cpp.obj firmware/application/CMakeFiles/application.elf.dir/apps/ui_recon_settings.cpp.obj firmware/application/CMakeFiles/application.elf.dir/apps/ui_recon.cpp.obj firmware/application/CMakeFiles/application.elf.dir/apps/ui_search.cpp.obj firmware/application/CMakeFiles/application.elf.dir/apps/ui_settings.cpp.obj firmware/application/CMakeFiles/application.elf.dir/apps/ui_sonde.cpp.obj firmware/application/CMakeFiles/application.elf.dir/apps/ui_ss_viewer.cpp.obj firmware/application/CMakeFiles/application.elf.dir/apps/ui_standalone_view.cpp.obj firmware/application/CMakeFiles/application.elf.dir/apps/ui_subghzd.cpp.obj firmware/application/CMakeFiles/application.elf.dir/apps/ui_text_editor.cpp.obj firmware/application/CMakeFiles/application.elf.dir/apps/ui_touch_calibration.cpp.obj firmware/application/CMakeFiles/application.elf.dir/apps/ui_touchtunes.cpp.obj firmware/application/CMakeFiles/application.elf.dir/apps/ui_weatherstation.cpp.obj firmware/application/CMakeFiles/application.elf.dir/protocols/aprs.cpp.obj firmware/application/CMakeFiles/application.elf.dir/protocols/ax25.cpp.obj firmware/application/CMakeFiles/application.elf.dir/protocols/dcs.cpp.obj firmware/application/CMakeFiles/application.elf.dir/protocols/encoders.cpp.obj firmware/application/CMakeFiles/application.elf.dir/protocols/modems.cpp.obj firmware/application/CMakeFiles/application.elf.dir/protocols/rds.cpp.obj firmware/application/CMakeFiles/application.elf.dir/ui_sd_card_debug.cpp.obj firmware/application/CMakeFiles/application.elf.dir/config_mode.cpp.obj firmware/application/CMakeFiles/application.elf.dir/portapack_cpld_20150901_data.cpp.obj firmware/application/CMakeFiles/application.elf.dir/portapack_cpld_20170522_data.cpp.obj firmware/application/CMakeFiles/application.elf.dir/portapack_cpld_h4m_data.cpp.obj firmware/application/CMakeFiles/application.elf.dir/hackrf_cpld_data.cpp.obj firmware/application/CMakeFiles/application.elf.dir/ui_external_items_menu_loader.cpp.obj firmware/application/CMakeFiles/application.elf.dir/external/afsk_rx/main.cpp.obj firmware/application/CMakeFiles/application.elf.dir/external/afsk_rx/ui_afsk_rx.cpp.obj firmware/application/CMakeFiles/application.elf.dir/external/calculator/main.cpp.obj firmware/application/CMakeFiles/application.elf.dir/external/calculator/ui_calculator.cpp.obj firmware/application/CMakeFiles/application.elf.dir/external/font_viewer/main.cpp.obj firmware/application/CMakeFiles/application.elf.dir/external/font_viewer/ui_font_viewer.cpp.obj firmware/application/CMakeFiles/application.elf.dir/external/blespam/main.cpp.obj firmware/application/CMakeFiles/application.elf.dir/external/blespam/ui_blespam.cpp.obj firmware/application/CMakeFiles/application.elf.dir/external/analogtv/main.cpp.obj firmware/application/CMakeFiles/application.elf.dir/external/analogtv/analog_tv_app.cpp.obj firmware/application/CMakeFiles/application.elf.dir/external/analogtv/ui_tv.cpp.obj firmware/application/CMakeFiles/application.elf.dir/external/nrf_rx/main.cpp.obj firmware/application/CMakeFiles/application.elf.dir/external/nrf_rx/ui_nrf_rx.cpp.obj firmware/application/CMakeFiles/application.elf.dir/external/coasterp/main.cpp.obj firmware/application/CMakeFiles/application.elf.dir/external/coasterp/ui_coasterp.cpp.obj firmware/application/CMakeFiles/application.elf.dir/external/lge/main.cpp.obj firmware/application/CMakeFiles/application.elf.dir/external/lge/lge_app.cpp.obj firmware/application/CMakeFiles/application.elf.dir/external/lge/rfm69.cpp.obj firmware/application/CMakeFiles/application.elf.dir/external/lcr/main.cpp.obj firmware/application/CMakeFiles/application.elf.dir/external/lcr/ui_lcr.cpp.obj firmware/application/CMakeFiles/application.elf.dir/external/jammer/main.cpp.obj firmware/application/CMakeFiles/application.elf.dir/external/jammer/ui_jammer.cpp.obj firmware/application/CMakeFiles/application.elf.dir/external/gpssim/main.cpp.obj firmware/application/CMakeFiles/application.elf.dir/external/gpssim/gps_sim_app.cpp.obj firmware/application/CMakeFiles/application.elf.dir/external/spainter/main.cpp.obj firmware/application/CMakeFiles/application.elf.dir/external/spainter/ui_spectrum_painter.cpp.obj firmware/application/CMakeFiles/application.elf.dir/external/spainter/ui_spectrum_painter_text.cpp.obj firmware/application/CMakeFiles/application.elf.dir/external/spainter/ui_spectrum_painter_image.cpp.obj firmware/application/CMakeFiles/application.elf.dir/external/keyfob/main.cpp.obj firmware/application/CMakeFiles/application.elf.dir/external/keyfob/ui_keyfob.cpp.obj firmware/application/CMakeFiles/application.elf.dir/external/tetris/main.cpp.obj firmware/application/CMakeFiles/application.elf.dir/external/tetris/ui_tetris.cpp.obj firmware/application/CMakeFiles/application.elf.dir/external/extsensors/main.cpp.obj firmware/application/CMakeFiles/application.elf.dir/external/extsensors/ui_extsensors.cpp.obj firmware/application/CMakeFiles/application.elf.dir/external/foxhunt/main.cpp.obj firmware/application/CMakeFiles/application.elf.dir/external/foxhunt/ui_foxhunt_rx.cpp.obj firmware/application/CMakeFiles/application.elf.dir/external/audio_test/main.cpp.obj firmware/application/CMakeFiles/application.elf.dir/external/audio_test/ui_audio_test.cpp.obj firmware/application/CMakeFiles/application.elf.dir/external/wardrivemap/main.cpp.obj firmware/application/CMakeFiles/application.elf.dir/external/wardrivemap/ui_wardrivemap.cpp.obj firmware/application/CMakeFiles/application.elf.dir/external/tpmsrx/main.cpp.obj firmware/application/CMakeFiles/application.elf.dir/external/tpmsrx/tpms_app.cpp.obj firmware/application/CMakeFiles/application.elf.dir/external/tpmstx/main.cpp.obj firmware/application/CMakeFiles/application.elf.dir/external/tpmstx/tpms_tx_app.cpp.obj firmware/application/CMakeFiles/application.elf.dir/external/protoview/main.cpp.obj firmware/application/CMakeFiles/application.elf.dir/external/protoview/ui_protoview.cpp.obj firmware/application/CMakeFiles/application.elf.dir/external/adsbtx/main.cpp.obj firmware/application/CMakeFiles/application.elf.dir/external/adsbtx/ui_adsb_tx.cpp.obj firmware/application/CMakeFiles/application.elf.dir/external/sstvtx/main.cpp.obj firmware/application/CMakeFiles/application.elf.dir/external/sstvtx/ui_sstvtx.cpp.obj firmware/application/CMakeFiles/application.elf.dir/external/same_tx/main.cpp.obj firmware/application/CMakeFiles/application.elf.dir/external/same_tx/ui_same_tx.cpp.obj firmware/application/CMakeFiles/application.elf.dir/external/mdc_tx/main.cpp.obj firmware/application/CMakeFiles/application.elf.dir/external/mdc_tx/ui_mdc_tx.cpp.obj firmware/application/CMakeFiles/application.elf.dir/external/sstvrx/main.cpp.obj firmware/application/CMakeFiles/application.elf.dir/external/sstvrx/ui_sstvrx.cpp.obj firmware/application/CMakeFiles/application.elf.dir/external/random_password/main.cpp.obj firmware/application/CMakeFiles/application.elf.dir/external/random_password/ui_random_password.cpp.obj firmware/application/CMakeFiles/application.elf.dir/external/random_password/sha512.cpp.obj firmware/application/CMakeFiles/application.elf.dir/external/acars_rx/main.cpp.obj firmware/application/CMakeFiles/application.elf.dir/external/acars_rx/acars_app.cpp.obj firmware/application/CMakeFiles/application.elf.dir/external/wefax_rx/main.cpp.obj firmware/application/CMakeFiles/application.elf.dir/external/wefax_rx/ui_wefax_rx.cpp.obj firmware/application/CMakeFiles/application.elf.dir/external/noaaapt_rx/main.cpp.obj firmware/application/CMakeFiles/application.elf.dir/external/noaaapt_rx/ui_noaaapt_rx.cpp.obj firmware/application/CMakeFiles/application.elf.dir/external/meteor_lrpt_rx/main.cpp.obj firmware/application/CMakeFiles/application.elf.dir/external/meteor_lrpt_rx/ui_meteor_lrpt_rx.cpp.obj firmware/application/CMakeFiles/application.elf.dir/external/shoppingcart_lock/main.cpp.obj firmware/application/CMakeFiles/application.elf.dir/external/shoppingcart_lock/shoppingcart_lock.cpp.obj firmware/application/CMakeFiles/application.elf.dir/external/ookbrute/main.cpp.obj firmware/application/CMakeFiles/application.elf.dir/external/ookbrute/ui_ookbrute.cpp.obj firmware/application/CMakeFiles/application.elf.dir/external/ook_editor/main.cpp.obj firmware/application/CMakeFiles/application.elf.dir/external/ook_editor/ui_ook_editor.cpp.obj firmware/application/CMakeFiles/application.elf.dir/external/cvs_spam/main.cpp.obj firmware/application/CMakeFiles/application.elf.dir/external/cvs_spam/cvs_spam.cpp.obj firmware/application/CMakeFiles/application.elf.dir/external/flippertx/main.cpp.obj firmware/application/CMakeFiles/application.elf.dir/external/flippertx/ui_flippertx.cpp.obj firmware/application/CMakeFiles/application.elf.dir/external/remote/main.cpp.obj firmware/application/CMakeFiles/application.elf.dir/external/remote/ui_remote.cpp.obj firmware/application/CMakeFiles/application.elf.dir/external/mcu_temperature/main.cpp.obj firmware/application/CMakeFiles/application.elf.dir/external/mcu_temperature/mcu_temperature.cpp.obj firmware/application/CMakeFiles/application.elf.dir/external/fmradio/main.cpp.obj firmware/application/CMakeFiles/application.elf.dir/external/fmradio/ui_fmradio.cpp.obj firmware/application/CMakeFiles/application.elf.dir/external/tuner/main.cpp.obj firmware/application/CMakeFiles/application.elf.dir/external/tuner/ui_tuner.cpp.obj firmware/application/CMakeFiles/application.elf.dir/external/metronome/main.cpp.obj firmware/application/CMakeFiles/application.elf.dir/external/metronome/ui_metronome.cpp.obj firmware/application/CMakeFiles/application.elf.dir/external/app_manager/main.cpp.obj firmware/application/CMakeFiles/application.elf.dir/external/app_manager/ui_app_manager.cpp.obj firmware/application/CMakeFiles/application.elf.dir/external/hopper/main.cpp.obj firmware/application/CMakeFiles/application.elf.dir/external/hopper/ui_hopper.cpp.obj firmware/application/CMakeFiles/application.elf.dir/external/antenna_length/main.cpp.obj firmware/application/CMakeFiles/application.elf.dir/external/antenna_length/ui_whipcalc.cpp.obj firmware/application/CMakeFiles/application.elf.dir/external/wav_view/main.cpp.obj firmware/application/CMakeFiles/application.elf.dir/external/wav_view/ui_view_wav.cpp.obj firmware/application/CMakeFiles/application.elf.dir/external/sd_wipe/main.cpp.obj firmware/application/CMakeFiles/application.elf.dir/external/sd_wipe/ui_sd_wipe.cpp.obj firmware/application/CMakeFiles/application.elf.dir/external/playlist_editor/main.cpp.obj firmware/application/CMakeFiles/application.elf.dir/external/playlist_editor/ui_playlist_editor.cpp.obj firmware/application/CMakeFiles/application.elf.dir/external/snake/main.cpp.obj firmware/application/CMakeFiles/application.elf.dir/external/snake/ui_snake.cpp.obj firmware/application/CMakeFiles/application.elf.dir/external/stopwatch/main.cpp.obj firmware/application/CMakeFiles/application.elf.dir/external/stopwatch/ui_stopwatch.cpp.obj firmware/application/CMakeFiles/application.elf.dir/external/breakout/main.cpp.obj firmware/application/CMakeFiles/application.elf.dir/external/breakout/ui_breakout.cpp.obj firmware/application/CMakeFiles/application.elf.dir/external/dinogame/main.cpp.obj firmware/application/CMakeFiles/application.elf.dir/external/dinogame/ui_dinogame.cpp.obj firmware/application/CMakeFiles/application.elf.dir/external/doom/main.cpp.obj firmware/application/CMakeFiles/application.elf.dir/external/doom/ui_doom.cpp.obj firmware/application/CMakeFiles/application.elf.dir/external/debug_pmem/main.cpp.obj firmware/application/CMakeFiles/application.elf.dir/external/debug_pmem/ui_debug_pmem.cpp.obj firmware/application/CMakeFiles/application.elf.dir/external/scanner/main.cpp.obj firmware/application/CMakeFiles/application.elf.dir/external/scanner/ui_scanner.cpp.obj firmware/application/CMakeFiles/application.elf.dir/external/level/main.cpp.obj firmware/application/CMakeFiles/application.elf.dir/external/level/ui_level.cpp.obj firmware/application/CMakeFiles/application.elf.dir/external/gfxeq/main.cpp.obj firmware/application/CMakeFiles/application.elf.dir/external/gfxeq/ui_gfxeq.cpp.obj firmware/application/CMakeFiles/application.elf.dir/external/waterfall_designer/main.cpp.obj firmware/application/CMakeFiles/application.elf.dir/external/waterfall_designer/ui_waterfall_designer.cpp.obj firmware/application/CMakeFiles/application.elf.dir/external/detector_rx/main.cpp.obj firmware/application/CMakeFiles/application.elf.dir/external/detector_rx/ui_detector_rx.cpp.obj firmware/application/CMakeFiles/application.elf.dir/external/spaceinv/main.cpp.obj firmware/application/CMakeFiles/application.elf.dir/external/spaceinv/ui_spaceinv.cpp.obj firmware/application/CMakeFiles/application.elf.dir/external/blackjack/main.cpp.obj firmware/application/CMakeFiles/application.elf.dir/external/blackjack/ui_blackjack.cpp.obj firmware/application/CMakeFiles/application.elf.dir/external/battleship/main.cpp.obj firmware/application/CMakeFiles/application.elf.dir/external/battleship/ui_battleship.cpp.obj firmware/application/CMakeFiles/application.elf.dir/external/ert/main.cpp.obj firmware/application/CMakeFiles/application.elf.dir/external/ert/ert_app.cpp.obj firmware/application/CMakeFiles/application.elf.dir/external/epirb_rx/main.cpp.obj firmware/application/CMakeFiles/application.elf.dir/external/epirb_rx/ui_epirb_rx.cpp.obj firmware/application/CMakeFiles/application.elf.dir/external/epirb_tx/main.cpp.obj firmware/application/CMakeFiles/application.elf.dir/external/epirb_tx/ui_epirb_tx.cpp.obj firmware/application/CMakeFiles/application.elf.dir/external/soundboard/main.cpp.obj firmware/application/CMakeFiles/application.elf.dir/external/soundboard/soundboard_app.cpp.obj firmware/application/CMakeFiles/application.elf.dir/external/game2048/main.cpp.obj firmware/application/CMakeFiles/application.elf.dir/external/game2048/ui_game2048.cpp.obj firmware/application/CMakeFiles/application.elf.dir/external/bht_tx/main.cpp.obj firmware/application/CMakeFiles/application.elf.dir/external/bht_tx/ui_bht_tx.cpp.obj firmware/application/CMakeFiles/application.elf.dir/external/bht_tx/bht.cpp.obj firmware/application/CMakeFiles/application.elf.dir/external/morse_practice/main.cpp.obj firmware/application/CMakeFiles/application.elf.dir/external/morse_practice/ui_morse_practice.cpp.obj firmware/application/CMakeFiles/application.elf.dir/external/adult_toys_controller/main.cpp.obj firmware/application/CMakeFiles/application.elf.dir/external/adult_toys_controller/ui_adult_toys_controller.cpp.obj firmware/application/CMakeFiles/application.elf.dir/external/flex_rx/main.cpp.obj firmware/application/CMakeFiles/application.elf.dir/external/flex_rx/ui_flex_rx.cpp.obj firmware/application/CMakeFiles/application.elf.dir/external/subcarrx/main.cpp.obj firmware/application/CMakeFiles/application.elf.dir/external/subcarrx/ui_subcar.cpp.obj firmware/application/CMakeFiles/application.elf.dir/external/siggen/main.cpp.obj firmware/application/CMakeFiles/application.elf.dir/external/siggen/ui_siggen.cpp.obj firmware/application/CMakeFiles/application.elf.dir/external/morse_radio/main.cpp.obj firmware/application/CMakeFiles/application.elf.dir/external/morse_radio/ui_morse_radio.cpp.obj firmware/application/CMakeFiles/application.elf.dir/external/morseradiotx/main.cpp.obj firmware/application/CMakeFiles/application.elf.dir/external/morseradiotx/ui_morse_radiotx.cpp.obj firmware/application/CMakeFiles/application.elf.dir/external/keeloqtx/main.cpp.obj firmware/application/CMakeFiles/application.elf.dir/external/keeloqtx/ui_keeloqtx.cpp.obj firmware/application/CMakeFiles/application.elf.dir/external/rtty_rx/main.cpp.obj firmware/application/CMakeFiles/application.elf.dir/external/rtty_rx/ui_rtty_rx.cpp.obj firmware/application/CMakeFiles/application.elf.dir/external/rtty_rx/baudot.cpp.obj firmware/application/CMakeFiles/application.elf.dir/external/rtty_tx/main.cpp.obj firmware/application/CMakeFiles/application.elf.dir/external/rtty_tx/ui_rtty_tx.cpp.obj firmware/application/CMakeFiles/application.elf.dir/external/rtty_tx/baudot.cpp.obj firmware/application/CMakeFiles/application.elf.dir/external/pocsag_tx/main.cpp.obj firmware/application/CMakeFiles/application.elf.dir/external/pocsag_tx/ui_pocsag_tx.cpp.obj firmware/application/CMakeFiles/application.elf.dir/external/flex_tx/main.cpp.obj firmware/application/CMakeFiles/application.elf.dir/external/flex_tx/ui_flex_tx.cpp.obj firmware/application/CMakeFiles/application.elf.dir/external/time_sink/main.cpp.obj firmware/application/CMakeFiles/application.elf.dir/external/time_sink/ui_time_sink.cpp.obj firmware/application/CMakeFiles/application.elf.dir/external/kiss_tnc/main.cpp.obj firmware/application/CMakeFiles/application.elf.dir/external/kiss_tnc/ui_kiss_tnc.cpp.obj firmware/application/CMakeFiles/application.elf.dir/external/fpv_detect/main.cpp.obj firmware/application/CMakeFiles/application.elf.dir/external/fpv_detect/ui_fpv_detect.cpp.obj firmware/application/CMakeFiles/application.elf.dir/external/p25_tx/main.cpp.obj firmware/application/CMakeFiles/application.elf.dir/external/p25_tx/ui_p25_tx.cpp.obj firmware/application/CMakeFiles/application.elf.dir/external/two_tone_pager/main.cpp.obj firmware/application/CMakeFiles/application.elf.dir/external/two_tone_pager/ui_two_tone_pager.cpp.obj firmware/application/CMakeFiles/application.elf.dir/external/two_tone_rx/main.cpp.obj firmware/application/CMakeFiles/application.elf.dir/external/two_tone_rx/ui_two_tone_rx.cpp.obj firmware/application/CMakeFiles/application.elf.dir/external/sdusb/main.cpp.obj firmware/application/CMakeFiles/application.elf.dir/external/sdusb/ui_sd_over_usb.cpp.obj firmware/application/CMakeFiles/application.elf.dir/lz4.S.obj -o firmware/application/application.elf  -L/work/firmware/application/external  -Wl,-Map=application.map  -Wl,--print-memory-usage && :
/usr/lib/gcc/arm-none-eabi/13.2.1/../../../arm-none-eabi/bin/ld: /usr/lib/gcc/arm-none-eabi/13.2.1/../../../arm-none-eabi/lib/thumb/v6-m/nofp/libg_nano.a(libc_a-closer.o): in function `_close_r':
/build/newlib-38V0JC/newlib-4.4.0.20231231/build_nano/arm-none-eabi/thumb/v6-m/nofp/newlib/../../../../../../newlib/libc/reent/closer.c:47:(.text+0xc): warning: _close is not implemented and will always fail
/usr/lib/gcc/arm-none-eabi/13.2.1/../../../arm-none-eabi/bin/ld: /usr/lib/gcc/arm-none-eabi/13.2.1/../../../arm-none-eabi/lib/thumb/v6-m/nofp/libg_nano.a(libc_a-closer.o): note: the message above does not take linker garbage collection into account
/usr/lib/gcc/arm-none-eabi/13.2.1/../../../arm-none-eabi/bin/ld: /usr/lib/gcc/arm-none-eabi/13.2.1/../../../arm-none-eabi/lib/thumb/v6-m/nofp/libg_nano.a(libc_a-fstatr.o): in function `_fstat_r':
/build/newlib-38V0JC/newlib-4.4.0.20231231/build_nano/arm-none-eabi/thumb/v6-m/nofp/newlib/../../../../../../newlib/libc/reent/fstatr.c:55:(.text+0xe): warning: _fstat is not implemented and will always fail
/usr/lib/gcc/arm-none-eabi/13.2.1/../../../arm-none-eabi/bin/ld: /usr/lib/gcc/arm-none-eabi/13.2.1/../../../arm-none-eabi/lib/thumb/v6-m/nofp/libg_nano.a(libc_a-fstatr.o): note: the message above does not take linker garbage collection into account
/usr/lib/gcc/arm-none-eabi/13.2.1/../../../arm-none-eabi/bin/ld: /usr/lib/gcc/arm-none-eabi/13.2.1/../../../arm-none-eabi/lib/thumb/v6-m/nofp/libg_nano.a(libc_a-signalr.o): in function `_getpid_r':
/build/newlib-38V0JC/newlib-4.4.0.20231231/build_nano/arm-none-eabi/thumb/v6-m/nofp/newlib/../../../../../../newlib/libc/reent/signalr.c:83:(.text+0x2a): warning: _getpid is not implemented and will always fail
/usr/lib/gcc/arm-none-eabi/13.2.1/../../../arm-none-eabi/bin/ld: /usr/lib/gcc/arm-none-eabi/13.2.1/../../../arm-none-eabi/lib/thumb/v6-m/nofp/libg_nano.a(libc_a-signalr.o): note: the message above does not take linker garbage collection into account
/usr/lib/gcc/arm-none-eabi/13.2.1/../../../arm-none-eabi/bin/ld: /usr/lib/gcc/arm-none-eabi/13.2.1/../../../arm-none-eabi/lib/thumb/v6-m/nofp/libg_nano.a(libc_a-isattyr.o): in function `_isatty_r':
/build/newlib-38V0JC/newlib-4.4.0.20231231/build_nano/arm-none-eabi/thumb/v6-m/nofp/newlib/../../../../../../newlib/libc/reent/isattyr.c:52:(.text+0xc): warning: _isatty is not implemented and will always fail
/usr/lib/gcc/arm-none-eabi/13.2.1/../../../arm-none-eabi/bin/ld: /usr/lib/gcc/arm-none-eabi/13.2.1/../../../arm-none-eabi/lib/thumb/v6-m/nofp/libg_nano.a(libc_a-isattyr.o): note: the message above does not take linker garbage collection into account
/usr/lib/gcc/arm-none-eabi/13.2.1/../../../arm-none-eabi/bin/ld: /usr/lib/gcc/arm-none-eabi/13.2.1/../../../arm-none-eabi/lib/thumb/v6-m/nofp/libg_nano.a(libc_a-signalr.o): in function `_kill_r':
/build/newlib-38V0JC/newlib-4.4.0.20231231/build_nano/arm-none-eabi/thumb/v6-m/nofp/newlib/../../../../../../newlib/libc/reent/signalr.c:53:(.text+0xe): warning: _kill is not implemented and will always fail
/usr/lib/gcc/arm-none-eabi/13.2.1/../../../arm-none-eabi/bin/ld: /usr/lib/gcc/arm-none-eabi/13.2.1/../../../arm-none-eabi/lib/thumb/v6-m/nofp/libg_nano.a(libc_a-signalr.o): note: the message above does not take linker garbage collection into account
/usr/lib/gcc/arm-none-eabi/13.2.1/../../../arm-none-eabi/bin/ld: /usr/lib/gcc/arm-none-eabi/13.2.1/../../../arm-none-eabi/lib/thumb/v6-m/nofp/libg_nano.a(libc_a-lseekr.o): in function `_lseek_r':
/build/newlib-38V0JC/newlib-4.4.0.20231231/build_nano/arm-none-eabi/thumb/v6-m/nofp/newlib/../../../../../../newlib/libc/reent/lseekr.c:49:(.text+0x10): warning: _lseek is not implemented and will always fail
/usr/lib/gcc/arm-none-eabi/13.2.1/../../../arm-none-eabi/bin/ld: /usr/lib/gcc/arm-none-eabi/13.2.1/../../../arm-none-eabi/lib/thumb/v6-m/nofp/libg_nano.a(libc_a-lseekr.o): note: the message above does not take linker garbage collection into account
/usr/lib/gcc/arm-none-eabi/13.2.1/../../../arm-none-eabi/bin/ld: /usr/lib/gcc/arm-none-eabi/13.2.1/../../../arm-none-eabi/lib/thumb/v6-m/nofp/libg_nano.a(libc_a-readr.o): in function `_read_r':
/build/newlib-38V0JC/newlib-4.4.0.20231231/build_nano/arm-none-eabi/thumb/v6-m/nofp/newlib/../../../../../../newlib/libc/reent/readr.c:49:(.text+0x10): warning: _read is not implemented and will always fail
/usr/lib/gcc/arm-none-eabi/13.2.1/../../../arm-none-eabi/bin/ld: /usr/lib/gcc/arm-none-eabi/13.2.1/../../../arm-none-eabi/lib/thumb/v6-m/nofp/libg_nano.a(libc_a-readr.o): note: the message above does not take linker garbage collection into account
/usr/lib/gcc/arm-none-eabi/13.2.1/../../../arm-none-eabi/bin/ld: /usr/lib/gcc/arm-none-eabi/13.2.1/../../../arm-none-eabi/lib/thumb/v6-m/nofp/libg_nano.a(libc_a-writer.o): in function `_write_r':
/build/newlib-38V0JC/newlib-4.4.0.20231231/build_nano/arm-none-eabi/thumb/v6-m/nofp/newlib/../../../../../../newlib/libc/reent/writer.c:49:(.text+0x10): warning: _write is not implemented and will always fail
/usr/lib/gcc/arm-none-eabi/13.2.1/../../../arm-none-eabi/bin/ld: /usr/lib/gcc/arm-none-eabi/13.2.1/../../../arm-none-eabi/lib/thumb/v6-m/nofp/libg_nano.a(libc_a-writer.o): note: the message above does not take linker garbage collection into account
/usr/lib/gcc/arm-none-eabi/13.2.1/../../../arm-none-eabi/bin/ld: /usr/lib/gcc/arm-none-eabi/13.2.1/../../../arm-none-eabi/lib/thumb/v6-m/nofp/libg_nano.a(libc_a-getentropyr.o): in function `_getentropy_r':
/build/newlib-38V0JC/newlib-4.4.0.20231231/build_nano/arm-none-eabi/thumb/v6-m/nofp/newlib/../../../../../../newlib/libc/reent/getentropyr.c:48:(.text+0xe): warning: _getentropy is not implemented and will always fail
/usr/lib/gcc/arm-none-eabi/13.2.1/../../../arm-none-eabi/bin/ld: /usr/lib/gcc/arm-none-eabi/13.2.1/../../../arm-none-eabi/lib/thumb/v6-m/nofp/libg_nano.a(libc_a-getentropyr.o): note: the message above does not take linker garbage collection into account
/usr/lib/gcc/arm-none-eabi/13.2.1/../../../arm-none-eabi/bin/ld: address 0x200102f4 of firmware/application/application.elf section `.bss' is not within region `ram'
/usr/lib/gcc/arm-none-eabi/13.2.1/../../../arm-none-eabi/bin/ld: address 0x200102f4 of firmware/application/application.elf section `.bss' is not within region `ram'
Memory region         Used Size  Region Size  %age Used
           flash:      810288 B         1 MB     77.28%
             ram:       66292 B        64 KB    101.15%
       ram_local:           0 B          0 B
ram_external_app_afsk_rx:        3760 B        32 KB     11.47%
ram_external_app_calculator:       10329 B        32 KB     31.52%
ram_external_app_font_viewer:        1872 B        32 KB      5.71%
ram_external_app_blespam:        8761 B        32 KB     26.74%
ram_external_app_analogtv:        6284 B        32 KB     19.18%
ram_external_app_nrf_rx:        2792 B        32 KB      8.52%
ram_external_app_coasterp:        2604 B        32 KB      7.95%
ram_external_app_lge:        6568 B        32 KB     20.04%
ram_external_app_lcr:        7988 B        32 KB     24.38%
ram_external_app_jammer:        9780 B        32 KB     29.85%
ram_external_app_gpssim:        4568 B        32 KB     13.94%
ram_external_app_spainter:        8584 B        32 KB     26.20%
ram_external_app_keyfob:        3740 B        32 KB     11.41%
ram_external_app_tetris:        6029 B        32 KB     18.40%
ram_external_app_extsensors:          3 KB        32 KB      9.38%
ram_external_app_foxhunt_rx:        3410 B        32 KB     10.41%
ram_external_app_audio_test:        2728 B        32 KB      8.33%
ram_external_app_wardrivemap:        4264 B        32 KB     13.01%
ram_external_app_tpmsrx:        9977 B        32 KB     30.45%
ram_external_app_protoview:        4708 B        32 KB     14.37%
ram_external_app_adsbtx:        6792 B        32 KB     20.73%
ram_external_app_morse_tx:           0 B        32 KB      0.00%
ram_external_app_sstvtx:        4788 B        32 KB     14.61%
ram_external_app_random_password:       10900 B        32 KB     33.26%
ram_external_app_acars_rx:        4088 B        32 KB     12.48%
ram_external_app_shoppingcart_lock:        6136 B        32 KB     18.73%
ram_external_app_cvs_spam:        6056 B        32 KB     18.48%
ram_external_app_ookbrute:        4824 B        32 KB     14.72%
ram_external_app_flippertx:        4912 B        32 KB     14.99%
ram_external_app_ook_editor:       10940 B        32 KB     33.39%
ram_external_app_remote:       13932 B        32 KB     42.52%
ram_external_app_mcu_temperature:        2088 B        32 KB      6.37%
ram_external_app_fmradio:       10704 B        32 KB     32.67%
ram_external_app_tuner:        5352 B        32 KB     16.33%
ram_external_app_metronome:        5036 B        32 KB     15.37%
ram_external_app_app_manager:        5832 B        32 KB     17.80%
ram_external_app_hopper:        9320 B        32 KB     28.44%
ram_external_app_antenna_length:        5316 B        32 KB     16.22%
ram_external_app_view_wav:        8604 B        32 KB     26.26%
ram_external_app_sd_wipe:        1536 B        32 KB      4.69%
ram_external_app_playlist_editor:        9004 B        32 KB     27.48%
ram_external_app_snake:        3164 B        32 KB      9.66%
ram_external_app_stopwatch:        3888 B        32 KB     11.87%
ram_external_app_wefax_rx:        4676 B        32 KB     14.27%
ram_external_app_breakout:        7252 B        32 KB     22.13%
ram_external_app_doom:       17574 B        32 KB     53.63%
ram_external_app_debug_pmem:       11208 B        32 KB     34.20%
ram_external_app_scanner:       13653 B        32 KB     41.67%
ram_external_app_level:        8464 B        32 KB     25.83%
ram_external_app_gfxeq:        5024 B        32 KB     15.33%
ram_external_app_noaaapt_rx:        4324 B        32 KB     13.20%
ram_external_app_detector_rx:        7154 B        32 KB     21.83%
ram_external_app_dinogame:       24556 B        32 KB     74.94%
ram_external_app_spaceinv:        9492 B        32 KB     28.97%
ram_external_app_blackjack:       10444 B        32 KB     31.87%
ram_external_app_battleship:       14237 B        32 KB     43.45%
ram_external_app_ert:        2912 B        32 KB      8.89%
ram_external_app_epirb_rx:       10328 B        32 KB     31.52%
ram_external_app_soundboard:        7124 B        32 KB     21.74%
ram_external_app_game2048:        3500 B        32 KB     10.68%
ram_external_app_bht_tx:        7248 B        32 KB     22.12%
ram_external_app_morse_practice:        7568 B        32 KB     23.10%
ram_external_app_adult_toys_controller:        8832 B        32 KB     26.95%
ram_external_app_flex_rx:        5736 B        32 KB     17.50%
ram_external_app_sstvrx:        6548 B        32 KB     19.98%
ram_external_app_subcarrx:        9812 B        32 KB     29.94%
ram_external_app_siggen:        4532 B        32 KB     13.83%
ram_external_app_sdusb:        1588 B        32 KB      4.85%
ram_external_app_morse_radio:       11308 B        32 KB     34.51%
ram_external_app_waterfall_designer:       11036 B        32 KB     33.68%
ram_external_app_morseradiotx:       14256 B        32 KB     43.51%
ram_external_app_keeloqtx:        6752 B        32 KB     20.61%
ram_external_app_rtty_rx:        2776 B        32 KB      8.47%
ram_external_app_rtty_tx:        5372 B        32 KB     16.39%
ram_external_app_tpmstx:       10309 B        32 KB     31.46%
ram_external_app_pocsag_tx:        5452 B        32 KB     16.64%
ram_external_app_time_sink:        5620 B        32 KB     17.15%
ram_external_app_same_tx:        4352 B        32 KB     13.28%
ram_external_app_kiss_tnc:        4204 B        32 KB     12.83%
ram_external_app_mdc_tx:        4284 B        32 KB     13.07%
ram_external_app_epirb_tx:       17192 B        32 KB     52.47%
ram_external_app_fpv_detect:        7224 B        32 KB     22.05%
ram_external_app_p25_tx:        4000 B        32 KB     12.21%
ram_external_app_two_tone_pager:       10076 B        32 KB     30.75%
ram_external_app_two_tone_rx:        9936 B        32 KB     30.32%
ram_external_app_flex_tx:       14452 B        32 KB     44.10%
ram_external_app_meteor_lrpt_rx:       17768 B        32 KB     54.22%
collect2: error: ld returned 1 exit status
ninja: build stopped: subcommand failed.
(base)
MeMyself@DESKTOP-BA808PC MINGW64 ~/mayhem-firmware (research)
$